C51 COMPILER V9.60.7.0   SLOTGAME                                                          04/20/2025 14:03:18 PAGE 1   


C51 COMPILER V9.60.7.0, COMPILATION OF MODULE SLOTGAME
OBJECT MODULE PLACED IN .\Objects\slotgame.obj
COMPILER INVOKED BY: D:\Keil_v5\C51\BIN\C51.EXE slotgame.c OPTIMIZE(8,SPEED) BROWSE DEBUG OBJECTEXTEND PRINT(.\Listings\
                    -slotgame.lst) TABS(2) OBJECT(.\Objects\slotgame.obj)

line level    source

   1          //slot game 老虎机相关函数
   2          #include <reg52.h>
   3          #include <stdlib.h>
   4          #include "all_x.h"
   5          
   6          
   7          int speed[][3] = {{0,14,-1},{0,16,-1},{0,18,-1},{0,20,-1},{0,22,-1},{0,24,-1}}; //在游戏开始时，每位的初始
             -循环速度都应该不同，这里单独控制每一位的循环速度，达到丝滑效果，这个值是一直变化的,每秒减去14
   8          
   9            
  10          uchar Lucky_alphabet[5] = "XXXXX";
  11          uchar i = 0;
  12          uchar stop_where = 0;
  13          
  14          void slotgame()  //老虎机游戏总控
  15          {
  16   1        uchar how_r = 0; 
  17   1        LcdShowInit("Top score:000000", 1, 0);
  18   1        
  19   1        
  20   1          while(now_mod == 'G')  //点击右键R开始游戏，左键L退出
  21   1          {     
  22   2            get_button(5);   //检测按键，以便于开始或者退出
  23   2      
  24   2            if(now_button == 'l')  //刚进入模式，单击左键退出当前模式
  25   2            {
  26   3              TR1 = 0;        //关闭定时器
  27   3              now_mod = 'g';    //将状态调整到上一个状态
  28   3              break;
  29   3            }
  30   2            
  31   2            else if(now_button == 'r')                //刚进入模式，单击右键开始游戏
  32   2            {
  33   3              switch(how_r)
  34   3              {
  35   4                case 0:
  36   4                  LcdShowInit("Your Lucky:XXXXX", 2, 0);  //奠定一下基础，先把不变的东西写上去        
  37   4                  how_r++;
  38   4                break;
  39   4                case 1:
  40   4                  LcdShowInit("Your Lucky:MMMMM", 2, 0);
  41   4                  srand(43253);   
  42   4                  TR1 = 1;    //开启定时器,游戏在中断中
  43   4                  how_r++;
  44   4                  break;
  45   4                case 2:
  46   4                  srand(TH1<<8|TL1); 
  47   4                  stop_where = 1;
  48   4                  how_r++;
  49   4                  break;
  50   4                case 3:
  51   4                  srand(TH1<<8|TL1); 
  52   4                  stop_where = 2;
  53   4                  how_r++;
C51 COMPILER V9.60.7.0   SLOTGAME                                                          04/20/2025 14:03:18 PAGE 2   

  54   4                  break;
  55   4                case 4:
  56   4                  srand(TH1<<8|TL1);
  57   4                  stop_where = 3;
  58   4                  how_r++;
  59   4                  break;
  60   4                case 5:
  61   4                  stop_where = 4;
  62   4                  srand(TH1<<8|TL1);
  63   4                  how_r++;
  64   4                  break;
  65   4                case 6:
  66   4                  TR1 = 0; 
  67   4                  how_r = 0;
  68   4                  stop_where = 0;
  69   4                  disp_score();
  70   4                  break;
  71   4              }
  72   3            }       
  73   2          }     
  74   1      }
  75          
  76          
  77          
  78          void Timer1_ISR() interrupt 3      //定时器1中断
  79          {
  80   1        gaming();
  81   1        
  82   1        TH1 = 0xDC; ;         // 手动重装初值
  83   1        TL1 = 0x00;
  84   1        
  85   1      }
  86          
  87          
  88          
  89          void gaming()    //进行游戏
  90          {
  91   1          for(i=stop_where;i<5;i++)    
  92   1          {
  93   2            if(++speed[i][0] > speed[i][1])
  94   2            {
  95   3              Lucky_alphabet[i] = 'A' + wj_rand();   //每次显示前都先随机一个字母
  96   3              
  97   3              LCD_one_data(Lucky_alphabet[i], 2, i+11);   //逐位显示修改的内容
  98   3      
  99   3              
 100   3              speed[i][0] = 0;
 101   3              speed[i][1] += speed[i][2];
 102   3            }
 103   2          } 
 104   1      }
 105          
 106          
 107          void disp_score()
 108          {
 109   1          int max_count = 1, current_count = 1;
 110   1          
 111   1          for (i = 0; i < 4; i++) // 只需比较到倒数第二个元素
 112   1          { 
 113   2              if (Lucky_alphabet[i] == Lucky_alphabet[i+1]) 
 114   2              {
 115   3                current_count++;
C51 COMPILER V9.60.7.0   SLOTGAME                                                          04/20/2025 14:03:18 PAGE 3   

 116   3                if (current_count > max_count) 
 117   3                {
 118   4                  max_count = current_count;
 119   4                }
 120   3              } 
 121   2              else 
 122   2              {
 123   3                current_count = 1; // 重置计数器
 124   3              } 
 125   2          } 
 126   1          
 127   1          switch(max_count)
 128   1          {
 129   2            case 1:
 130   2              LcdShowInit("your score:00001", 1, 0);
 131   2            break;
 132   2            case 2:
 133   2              LcdShowInit("your score:00005", 1, 0);
 134   2            break;
 135   2            case 3:
 136   2              LcdShowInit("your score:00550", 1, 0);
 137   2            break;
 138   2            case 4:
 139   2              LcdShowInit("your score:05555", 1, 0);
 140   2            break;
 141   2            case 5:
 142   2              LcdShowInit("your score:66666", 1, 0);
 143   2            break;
 144   2          
 145   2          }
 146   1      }
 147          
 148          
 149          
 150          
 151          
 152          void int_timer1()     //定时器1的初始化
 153          {
 154   1          // 模式配置（不影响定时器0的设置）
 155   1          TMOD &= 0x0F;       // 清除T1配置位
 156   1          TMOD |= 0x10;       // 设置模式1
 157   1          
 158   1           // 计算50ms定时初值（11.0592MHz）
 159   1          TH1 = 0xDC;         // 高位初值  65536 - 56320 = 9216  9216 * 1.085069444us = 9,999.99999590us = 10ms
 160   1          TL1 = 0x00;         // 初始值                 12 / 11.0592MHZ = 1.08506944444us↑           
 161   1          
 162   1          // 中断配置
 163   1          ET1 = 1;            // 暂时关闭定时器1中断
 164   1          TR1 = 0;            // 暂时关闭定时器1
 165   1        
 166   1          //EA = 1;         // 开启全局中断,定时器0到是已经开启过了
 167   1      
 168   1      }
 169          
 170          
 171          
 172          
 173          uint wj_rand()  //生成随机数
 174          {
 175   1          uint random_nm;
 176   1      
 177   1        TR1 = 0;  
C51 COMPILER V9.60.7.0   SLOTGAME                                                          04/20/2025 14:03:18 PAGE 4   

 178   1        
 179   1          random_nm = rand() % 4;  //生成0-2之间的随机数
 180   1       
 181   1        TR1 = 1;
 182   1        
 183   1          return random_nm;   //返回生成的随机数
 184   1      }
 185            
 186          
 187          
 188          


MODULE INFORMATION:   STATIC OVERLAYABLE
   CODE SIZE        =    583    ----
   CONSTANT SIZE    =    136    ----
   XDATA SIZE       =   ----    ----
   PDATA SIZE       =   ----    ----
   DATA SIZE        =     43       1
   IDATA SIZE       =   ----    ----
   BIT SIZE         =   ----    ----
END OF MODULE INFORMATION.


C51 COMPILATION COMPLETE.  0 WARNING(S),  0 ERROR(S)
