C51 COMPILER V9.60.7.0   STOPWATCH                                                         04/11/2025 00:29:57 PAGE 1   


C51 COMPILER V9.60.7.0, COMPILATION OF MODULE STOPWATCH
OBJECT MODULE PLACED IN .\Objects\stopwatch.obj
COMPILER INVOKED BY: D:\My_App\Keil C51\C51\BIN\C51.EXE stopwatch.c OPTIMIZE(8,SPEED) BROWSE DEBUG OBJECTEXTEND PRINT(.\
                    -Listings\stopwatch.lst) TABS(2) OBJECT(.\Objects\stopwatch.obj)

line level    source

   1          //stopwatch秒表相关函数
   2          #include <reg52.h>
   3          #include "all_x.h"
   4          
   5          
   6          
   7          void DelayMs(uint time)
   8          {
   9   1        uint i,j;
  10   1        for(i=0;i<time;i++)
  11   1          for(j=0;j<112;j++);
  12   1      }
  13          
  14          
  15          void int_timer0()   // 初始化定时器0为模式2（自动重载）
  16          {
  17   1          TMOD &= 0XF0;   // 清零定时器0的模式位（保留定时器1的配置）
  18   1          TMOD |= 0X02;   // 设置定时器0为模式2（8位自动重载）
  19   1          TH0 = 0xA4;     // 自动重载值（100μs定时初值，11.0592MHz）,每次TL0溢出时，自动重新装载为TH0
  20   1          TL0 = 0xA4;     // 首次启动时的初值（必须与TH0相同）
  21   1          ET0 = 1;        // 允许定时器0中断
  22   1          TR0 = 1;        // 启动定时器0
  23   1          EA = 1;         // 开启全局中断
  24   1      }
  25          
  26          
  27          


MODULE INFORMATION:   STATIC OVERLAYABLE
   CODE SIZE        =     51    ----
   CONSTANT SIZE    =   ----    ----
   XDATA SIZE       =   ----    ----
   PDATA SIZE       =   ----    ----
   DATA SIZE        =   ----    ----
   IDATA SIZE       =   ----    ----
   BIT SIZE         =   ----    ----
END OF MODULE INFORMATION.


C51 COMPILATION COMPLETE.  0 WARNING(S),  0 ERROR(S)
