BL51 BANKED LINKER/LOCATER V6.22.4.0                                                    05/17/2025  13:21:38  PAGE 1


BL51 BANKED LINKER/LOCATER V6.22.4.0, INVOKED BY:
D:\MY_APP\KEIL C51\C51\BIN\BL51.EXE .\Objects\STARTUP.obj, .\Objects\coco.obj, .\Objects\LCD.obj, .\Objects\delay.obj, .
>> \Objects\oldreg.obj TO .\Objects\answering device PRINT (.\Listings\answering device.m51) RAMSIZE (256)


MEMORY MODEL: SMALL


INPUT MODULES INCLUDED:
  .\Objects\STARTUP.obj (?C_STARTUP)
  .\Objects\coco.obj (COCO)
  .\Objects\LCD.obj (LCD)
  .\Objects\delay.obj (DELAY)
  .\Objects\oldreg.obj (OLDREG)
  D:\MY_APP\KEIL C51\C51\LIB\C51S.LIB (?C_INIT)
  D:\MY_APP\KEIL C51\C51\LIB\C51S.LIB (?C?CLDPTR)


LINK MAP OF MODULE:  .\Objects\answering device (?C_STARTUP)


            TYPE    BASE      LENGTH    RELOCATION   SEGMENT NAME
            -----------------------------------------------------

            * * * * * * *   D A T A   M E M O R Y   * * * * * * *
            REG     0000H     0008H     ABSOLUTE     "REG BANK 0"
            DATA    0008H     000CH     UNIT         ?DT?OLDREG
            DATA    0014H     000BH     UNIT         ?DT?COCO
            DATA    001FH     0008H     UNIT         _DATA_GROUP_
            IDATA   0027H     0001H     UNIT         ?STACK

            * * * * * * *   C O D E   M E M O R Y   * * * * * * *
            CODE    0000H     0003H     ABSOLUTE     
                    0003H     0008H                  *** GAP ***
            CODE    000BH     0003H     ABSOLUTE     
                    000EH     07F2H                  *** GAP ***
            CODE    0800H     00A8H     UNIT         ?PR?MAIN?COCO
            CODE    08A8H     008CH     UNIT         ?C_C51STARTUP
            CODE    0934H     0051H     UNIT         ?PR?TIMER0_ISR?COCO
            CODE    0985H     0048H     UNIT         ?PR?_DISPLAY?OLDREG
            CODE    09CDH     0044H     UNIT         ?CO?COCO
            CODE    0A11H     0041H     UNIT         ?PR?EASY_BUTTON?COCO
            CODE    0A52H     0040H     UNIT         ?PR?DAOJISHI?COCO
            CODE    0A92H     002BH     UNIT         ?PR?_DELAY?COCO
            CODE    0ABDH     0025H     UNIT         ?C_INITSEG
            CODE    0AE2H     0025H     UNIT         ?PR?_LCDPRINTSTR?LCD
            CODE    0B07H     0020H     UNIT         ?PR?_DELAYMS?DELAY
            CODE    0B27H     001FH     UNIT         ?PR?_LCDGOTOXY?LCD
            CODE    0B46H     001BH     UNIT         ?PR?_LCDWRITECMD?LCD
            CODE    0B61H     001BH     UNIT         ?PR?_LCDWRITEDATA?LCD
            CODE    0B7CH     0019H     UNIT         ?C?LIB_CODE
            CODE    0B95H     0016H     UNIT         ?PR?_LCDSHOWINIT?LCD
            CODE    0BABH     0013H     UNIT         ?PR?INT_TIMER0?COCO
            CODE    0BBEH     0012H     UNIT         ?PR?LCDINIT?LCD
            CODE    0BD0H     0010H     UNIT         ?PR?_LCDWAONE?LCD
            CODE    0BE0H     0005H     UNIT         ?PR?LCDON?LCD
            CODE    0BE5H     0005H     UNIT         ?PR?LCDOFF?LCD

BL51 BANKED LINKER/LOCATER V6.22.4.0                                                  05/17/2025  13:21:38  PAGE 2




OVERLAY MAP OF MODULE:   .\Objects\answering device (?C_STARTUP)


SEGMENT                          DATA_GROUP 
  +--> CALLED SEGMENT          START    LENGTH
----------------------------------------------
?C_C51STARTUP                  -----    -----
  +--> ?PR?MAIN?COCO
  +--> ?C_INITSEG

?PR?MAIN?COCO                  -----    -----
  +--> ?PR?INT_TIMER0?COCO
  +--> ?PR?LCDINIT?LCD
  +--> ?CO?COCO
  +--> ?PR?_LCDSHOWINIT?LCD
  +--> ?PR?DAOJISHI?COCO
  +--> ?PR?EASY_BUTTON?COCO
  +--> ?PR?_LCDWAONE?LCD

?PR?LCDINIT?LCD                -----    -----
  +--> ?PR?_LCDWRITECMD?LCD
  +--> ?PR?LCDON?LCD

?PR?_LCDWRITECMD?LCD           -----    -----
  +--> ?PR?_DELAYMS?DELAY

?PR?LCDON?LCD                  -----    -----
  +--> ?PR?_LCDWRITECMD?LCD

?PR?_LCDSHOWINIT?LCD           001FH    0005H
  +--> ?PR?_LCDGOTOXY?LCD
  +--> ?PR?_LCDPRINTSTR?LCD

?PR?_LCDGOTOXY?LCD             0024H    0002H
  +--> ?PR?_LCDWRITECMD?LCD

?PR?_LCDPRINTSTR?LCD           0024H    0003H
  +--> ?PR?_LCDWRITEDATA?LCD

?PR?_LCDWRITEDATA?LCD          -----    -----
  +--> ?PR?_DELAYMS?DELAY

?PR?DAOJISHI?COCO              -----    -----
  +--> ?PR?_LCDWAONE?LCD

?PR?_LCDWAONE?LCD              001FH    0001H
  +--> ?PR?_LCDGOTOXY?LCD
  +--> ?PR?_LCDWRITEDATA?LCD



SYMBOL TABLE OF MODULE:  .\Objects\answering device (?C_STARTUP)

  VALUE           TYPE          NAME
  ----------------------------------
BL51 BANKED LINKER/LOCATER V6.22.4.0                                                  05/17/2025  13:21:38  PAGE 3



  -------         MODULE        ?C_STARTUP
  C:08A8H         SEGMENT       ?C_C51STARTUP
  I:0027H         SEGMENT       ?STACK
  C:0000H         PUBLIC        ?C_STARTUP
  D:00E0H         SYMBOL        ACC
  D:00F0H         SYMBOL        B
  D:0083H         SYMBOL        DPH
  D:0082H         SYMBOL        DPL
  N:0000H         SYMBOL        IBPSTACK
  N:0100H         SYMBOL        IBPSTACKTOP
  N:0080H         SYMBOL        IDATALEN
  C:08ABH         SYMBOL        IDATALOOP
  N:0000H         SYMBOL        PBPSTACK
  N:0100H         SYMBOL        PBPSTACKTOP
  N:0000H         SYMBOL        PDATALEN
  N:0000H         SYMBOL        PDATASTART
  N:0000H         SYMBOL        PPAGE
  N:0000H         SYMBOL        PPAGEENABLE
  D:00A0H         SYMBOL        PPAGE_SFR
  D:0081H         SYMBOL        SP
  C:08A8H         SYMBOL        STARTUP1
  N:0000H         SYMBOL        XBPSTACK
  N:0000H         SYMBOL        XBPSTACKTOP
  N:0000H         SYMBOL        XDATALEN
  N:0000H         SYMBOL        XDATASTART
  C:0000H         LINE#         126
  C:08A8H         LINE#         133
  C:08AAH         LINE#         134
  C:08ABH         LINE#         135
  C:08ACH         LINE#         136
  C:08AEH         LINE#         185
  C:08B1H         LINE#         196
  -------         ENDMOD        ?C_STARTUP

  -------         MODULE        COCO
  C:0000H         SYMBOL        _ICE_DUMMY_
  D:0090H         PUBLIC        P1
  C:0BABH         PUBLIC        int_timer0
  D:00A0H         PUBLIC        P2
  D:00B0H         PUBLIC        P3
  C:0934H         PUBLIC        Timer0_ISR
  B:00A0H.4       PUBLIC        BB
  D:0014H         PUBLIC        gogogo
  B:00A8H.7       PUBLIC        EA
  D:00A8H         PUBLIC        IE
  C:0A92H         PUBLIC        _delay
  D:0016H         PUBLIC        anxiazanting
  D:0017H         PUBLIC        time_counter
  D:00B8H         PUBLIC        IP
  C:0800H         PUBLIC        main
  D:0098H         PUBLIC        SCON
  C:0A11H         PUBLIC        easy_button
  D:0089H         PUBLIC        TMOD
  D:0088H         PUBLIC        TCON
  B:00A0H.7       PUBLIC        ctrl
  B:00A8H.1       PUBLIC        ET0
BL51 BANKED LINKER/LOCATER V6.22.4.0                                                  05/17/2025  13:21:38  PAGE 4


  D:008CH         PUBLIC        TH0
  C:0A52H         PUBLIC        daojishi
  D:008AH         PUBLIC        TL0
  B:0088H.4       PUBLIC        TR0
  D:0019H         PUBLIC        BBS
  D:001BH         PUBLIC        P1is
  D:00C8H         PUBLIC        T2CON
  D:001CH         PUBLIC        disp_now
  D:001DH         PUBLIC        outwhile
  D:00D0H         PUBLIC        PSW
  -------         PROC          MAIN
  C:0800H         LINE#         18
  C:0800H         LINE#         19
  C:0800H         LINE#         20
  C:0803H         LINE#         21
  C:0805H         LINE#         22
  C:0808H         LINE#         24
  C:080BH         LINE#         26
  C:080BH         LINE#         27
  C:080BH         LINE#         28
  C:0819H         LINE#         29
  C:0827H         LINE#         30
  C:082AH         LINE#         31
  C:082AH         LINE#         32
  C:0838H         LINE#         33
  C:0846H         LINE#         35
  C:0849H         LINE#         36
  C:084FH         LINE#         37
  C:0851H         LINE#         38
  C:0857H         LINE#         39
  C:0857H         LINE#         40
  C:0857H         LINE#         41
  C:085AH         LINE#         42
  C:0862H         LINE#         43
  C:0862H         LINE#         44
  C:0866H         LINE#         45
  C:0868H         LINE#         46
  C:0868H         LINE#         48
  C:0872H         LINE#         49
  C:0872H         LINE#         50
  C:0875H         LINE#         51
  C:0878H         LINE#         52
  C:0881H         LINE#         53
  C:0884H         LINE#         54
  C:088AH         LINE#         55
  C:088CH         LINE#         56
  C:088CH         LINE#         57
  C:088FH         LINE#         58
  C:088FH         LINE#         59
  C:0892H         LINE#         60
  C:0898H         LINE#         61
  C:089AH         LINE#         62
  C:089DH         LINE#         63
  C:08A3H         LINE#         64
  C:08A6H         LINE#         66
  C:08A6H         LINE#         67
  -------         ENDPROC       MAIN
BL51 BANKED LINKER/LOCATER V6.22.4.0                                                  05/17/2025  13:21:38  PAGE 5


  -------         PROC          DAOJISHI
  C:0A52H         LINE#         75
  C:0A52H         LINE#         76
  C:0A52H         LINE#         77
  C:0A5BH         LINE#         79
  C:0A71H         LINE#         80
  C:0A71H         LINE#         81
  C:0A7DH         LINE#         82
  C:0A7DH         LINE#         84
  C:0A7DH         LINE#         85
  C:0A80H         LINE#         86
  C:0A86H         LINE#         87
  C:0A88H         LINE#         88
  C:0A8BH         LINE#         89
  C:0A91H         LINE#         90
  C:0A91H         LINE#         93
  -------         ENDPROC       DAOJISHI
  -------         PROC          TIMER0_ISR
  C:0934H         LINE#         97
  C:0938H         LINE#         99
  C:0940H         LINE#         101
  C:0949H         LINE#         102
  C:0949H         LINE#         103
  C:094FH         LINE#         104
  C:095AH         LINE#         105
  C:095AH         LINE#         106
  C:095CH         LINE#         107
  C:0964H         LINE#         108
  C:0966H         LINE#         110
  C:0966H         LINE#         111
  C:0968H         LINE#         112
  C:0968H         LINE#         114
  C:0978H         LINE#         115
  C:0978H         LINE#         116
  C:0980H         LINE#         117
  C:0980H         LINE#         118
  C:0980H         LINE#         119
  -------         ENDPROC       TIMER0_ISR
  -------         PROC          _DELAY
  D:0006H         SYMBOL        ms
  -------         DO            
  D:0004H         SYMBOL        i
  D:0002H         SYMBOL        j
  -------         ENDDO         
  C:0A92H         LINE#         123
  C:0A92H         LINE#         124
  C:0A92H         LINE#         126
  C:0A9BH         LINE#         127
  C:0A9FH         LINE#         128
  C:0ABCH         LINE#         129
  -------         ENDPROC       _DELAY
  -------         PROC          EASY_BUTTON
  C:0A11H         LINE#         134
  C:0A11H         LINE#         135
  C:0A11H         LINE#         136
  C:0A32H         LINE#         137
  C:0A32H         LINE#         138
BL51 BANKED LINKER/LOCATER V6.22.4.0                                                  05/17/2025  13:21:38  PAGE 6


  C:0A32H         LINE#         139
  C:0A35H         LINE#         140
  C:0A36H         LINE#         141
  C:0A36H         LINE#         142
  C:0A39H         LINE#         143
  C:0A3AH         LINE#         144
  C:0A3AH         LINE#         145
  C:0A3DH         LINE#         146
  C:0A3EH         LINE#         147
  C:0A3EH         LINE#         148
  C:0A41H         LINE#         149
  C:0A42H         LINE#         150
  C:0A42H         LINE#         151
  C:0A45H         LINE#         152
  C:0A46H         LINE#         153
  C:0A46H         LINE#         154
  C:0A49H         LINE#         155
  C:0A4AH         LINE#         156
  C:0A4AH         LINE#         157
  C:0A4DH         LINE#         158
  C:0A4EH         LINE#         159
  C:0A4EH         LINE#         160
  C:0A51H         LINE#         161
  C:0A51H         LINE#         162
  C:0A51H         LINE#         163
  -------         ENDPROC       EASY_BUTTON
  -------         PROC          INT_TIMER0
  C:0BABH         LINE#         167
  C:0BABH         LINE#         168
  C:0BABH         LINE#         169
  C:0BAEH         LINE#         170
  C:0BB1H         LINE#         171
  C:0BB4H         LINE#         172
  C:0BB7H         LINE#         173
  C:0BB9H         LINE#         174
  C:0BBBH         LINE#         175
  C:0BBDH         LINE#         176
  -------         ENDPROC       INT_TIMER0
  -------         ENDMOD        COCO

  -------         MODULE        LCD
  C:0000H         SYMBOL        _ICE_DUMMY_
  D:0080H         PUBLIC        P0
  D:0090H         PUBLIC        P1
  D:00A0H         PUBLIC        P2
  D:00B0H         PUBLIC        P3
  B:00A0H.0       PUBLIC        LcdRs_P
  D:00A8H         PUBLIC        IE
  B:00A0H.1       PUBLIC        LcdRw_P
  D:00B8H         PUBLIC        IP
  C:0B61H         PUBLIC        _LcdWriteData
  C:0BBEH         PUBLIC        LcdInit
  C:0BD0H         PUBLIC        _LCDwAOne
  C:0BE5H         PUBLIC        LcdOff
  D:0098H         PUBLIC        SCON
  D:0088H         PUBLIC        TCON
  C:0B46H         PUBLIC        _LcdWriteCmd
BL51 BANKED LINKER/LOCATER V6.22.4.0                                                  05/17/2025  13:21:38  PAGE 7


  C:0B95H         PUBLIC        _LcdShowInit
  C:0BE0H         PUBLIC        LcdOn
  C:0AE2H         PUBLIC        _LcdPrintStr
  C:0B27H         PUBLIC        _LcdGotoXY
  D:00C8H         PUBLIC        T2CON
  B:00A0H.2       PUBLIC        LcdEn_P
  D:00D0H         PUBLIC        PSW
  -------         PROC          _LCDWRITECMD
  D:0007H         SYMBOL        cmd
  C:0B46H         LINE#         11
  C:0B46H         LINE#         12
  C:0B46H         LINE#         13
  C:0B48H         LINE#         14
  C:0B4AH         LINE#         15
  C:0B4CH         LINE#         16
  C:0B4EH         LINE#         17
  C:0B55H         LINE#         18
  C:0B57H         LINE#         19
  C:0B5EH         LINE#         20
  C:0B60H         LINE#         21
  -------         ENDPROC       _LCDWRITECMD
  -------         PROC          _LCDWRITEDATA
  D:0007H         SYMBOL        dat
  C:0B61H         LINE#         25
  C:0B61H         LINE#         26
  C:0B61H         LINE#         27
  C:0B63H         LINE#         28
  C:0B65H         LINE#         29
  C:0B67H         LINE#         30
  C:0B69H         LINE#         31
  C:0B70H         LINE#         32
  C:0B72H         LINE#         33
  C:0B79H         LINE#         34
  C:0B7BH         LINE#         35
  -------         ENDPROC       _LCDWRITEDATA
  -------         PROC          _LCDGOTOXY
  D:0024H         SYMBOL        line
  D:0025H         SYMBOL        column
  C:0B27H         LINE#         39
  C:0B2BH         LINE#         40
  C:0B2BH         LINE#         41
  C:0B30H         LINE#         42
  C:0B38H         LINE#         43
  C:0B3DH         LINE#         44
  C:0B45H         LINE#         45
  -------         ENDPROC       _LCDGOTOXY
  -------         PROC          _LCDPRINTSTR
  D:0024H         SYMBOL        str
  C:0AE2H         LINE#         49
  C:0AE8H         LINE#         50
  C:0AE8H         LINE#         51
  C:0AF3H         LINE#         52
  C:0B06H         LINE#         53
  -------         ENDPROC       _LCDPRINTSTR
  -------         PROC          LCDINIT
  C:0BBEH         LINE#         56
  C:0BBEH         LINE#         57
BL51 BANKED LINKER/LOCATER V6.22.4.0                                                  05/17/2025  13:21:38  PAGE 8


  C:0BBEH         LINE#         58
  C:0BC3H         LINE#         59
  C:0BC6H         LINE#         60
  C:0BCBH         LINE#         61
  -------         ENDPROC       LCDINIT
  -------         PROC          LCDON
  C:0BE0H         LINE#         65
  C:0BE0H         LINE#         66
  C:0BE0H         LINE#         67
  -------         ENDPROC       LCDON
  -------         PROC          LCDOFF
  C:0BE5H         LINE#         70
  C:0BE5H         LINE#         71
  C:0BE5H         LINE#         72
  -------         ENDPROC       LCDOFF
  -------         PROC          _LCDSHOWINIT
  D:001FH         SYMBOL        str_1
  D:0007H         SYMBOL        Y
  D:0023H         SYMBOL        X
  C:0B95H         LINE#         76
  C:0B9DH         LINE#         77
  C:0B9DH         LINE#         78
  C:0BA2H         LINE#         79
  -------         ENDPROC       _LCDSHOWINIT
  -------         PROC          _LCDWAONE
  D:001FH         SYMBOL        dat
  D:0007H         SYMBOL        Y
  D:0006H         SYMBOL        X
  C:0BD0H         LINE#         83
  C:0BD6H         LINE#         84
  C:0BD6H         LINE#         85
  C:0BDBH         LINE#         86
  -------         ENDPROC       _LCDWAONE
  -------         ENDMOD        LCD

  -------         MODULE        DELAY
  C:0000H         SYMBOL        _ICE_DUMMY_
  D:0090H         PUBLIC        P1
  D:00B0H         PUBLIC        P3
  D:00A8H         PUBLIC        IE
  D:00B8H         PUBLIC        IP
  C:0B07H         PUBLIC        _DelayMs
  D:0098H         PUBLIC        SCON
  D:0088H         PUBLIC        TCON
  D:00C8H         PUBLIC        T2CON
  D:00D0H         PUBLIC        PSW
  -------         PROC          _DELAYMS
  D:0006H         SYMBOL        time
  -------         DO            
  D:0004H         SYMBOL        i
  D:0002H         SYMBOL        j
  -------         ENDDO         
  C:0B07H         LINE#         5
  C:0B07H         LINE#         6
  C:0B07H         LINE#         8
  C:0B11H         LINE#         9
  C:0B26H         LINE#         10
BL51 BANKED LINKER/LOCATER V6.22.4.0                                                  05/17/2025  13:21:38  PAGE 9


  -------         ENDPROC       _DELAYMS
  -------         ENDMOD        DELAY

  -------         MODULE        OLDREG
  C:0000H         SYMBOL        _ICE_DUMMY_
  D:0080H         PUBLIC        P0
  D:0090H         PUBLIC        P1
  D:00A0H         PUBLIC        P2
  D:00B0H         PUBLIC        P3
  D:00A8H         PUBLIC        IE
  D:00B8H         PUBLIC        IP
  D:0098H         PUBLIC        SCON
  B:00A0H.0       PUBLIC        select1
  D:0088H         PUBLIC        TCON
  B:00A0H.1       PUBLIC        select2
  B:00A0H.2       PUBLIC        select3
  B:00A0H.3       PUBLIC        select4
  D:00C8H         PUBLIC        T2CON
  D:0008H         PUBLIC        num_seg
  C:0985H         PUBLIC        _display
  D:00D0H         PUBLIC        PSW
  -------         PROC          _DISPLAY
  D:0007H         SYMBOL        dispN
  D:0004H         SYMBOL        S
  C:0985H         LINE#         12
  C:0985H         LINE#         13
  C:0985H         LINE#         14
  C:0997H         LINE#         15
  C:0997H         LINE#         16
  C:0997H         LINE#         17
  C:0999H         LINE#         18
  C:099BH         LINE#         19
  C:099DH         LINE#         20
  C:099FH         LINE#         21
  C:099FH         LINE#         22
  C:09A1H         LINE#         23
  C:09A3H         LINE#         24
  C:09A5H         LINE#         25
  C:09A7H         LINE#         26
  C:09A9H         LINE#         27
  C:09A9H         LINE#         28
  C:09ABH         LINE#         29
  C:09ADH         LINE#         30
  C:09AFH         LINE#         31
  C:09B1H         LINE#         32
  C:09B3H         LINE#         33
  C:09B3H         LINE#         34
  C:09B5H         LINE#         35
  C:09B7H         LINE#         36
  C:09B9H         LINE#         37
  C:09BBH         LINE#         38
  C:09BBH         LINE#         39
  C:09BBH         LINE#         40
  C:09BDH         LINE#         42
  C:09C4H         LINE#         44
  C:09C6H         LINE#         45
  C:09C8H         LINE#         46
BL51 BANKED LINKER/LOCATER V6.22.4.0                                                  05/17/2025  13:21:38  PAGE 10


  C:09CAH         LINE#         47
  C:09CCH         LINE#         48
  -------         ENDPROC       _DISPLAY
  -------         ENDMOD        OLDREG

  -------         MODULE        ?C?CLDPTR
  C:0B7CH         PUBLIC        ?C?CLDPTR
  -------         ENDMOD        ?C?CLDPTR

*** WARNING L16: UNCALLED SEGMENT, IGNORED FOR OVERLAY PROCESS
    SEGMENT: ?PR?LCDOFF?LCD

*** WARNING L16: UNCALLED SEGMENT, IGNORED FOR OVERLAY PROCESS
    SEGMENT: ?PR?_DISPLAY?OLDREG

******************************************************************************
* RESTRICTED VERSION WITH 0800H BYTE CODE SIZE LIMIT; USED: 0356H BYTE (41%) *
******************************************************************************

Program Size: data=40.0 xdata=0 code=1008
LINK/LOCATE RUN COMPLETE.  2 WARNING(S),  0 ERROR(S)
