BL51 BANKED LINKER/LOCATER V6.22.4.0                                                    04/09/2025  13:19:41  PAGE 1


BL51 BANKED LINKER/LOCATER V6.22.4.0, INVOKED BY:
D:\MY_APP\KEIL C51\C51\BIN\BL51.EXE .\Objects\STARTUP.obj, .\Objects\coco.obj TO .\Objects\answering device PRINT (.\Lis
>> tings\answering device.m51) RAMSIZE (256)


MEMORY MODEL: SMALL


INPUT MODULES INCLUDED:
  .\Objects\STARTUP.obj (?C_STARTUP)
  .\Objects\coco.obj (COCO)
  D:\MY_APP\KEIL C51\C51\LIB\C51S.LIB (?C_INIT)


LINK MAP OF MODULE:  .\Objects\answering device (?C_STARTUP)


            TYPE    BASE      LENGTH    RELOCATION   SEGMENT NAME
            -----------------------------------------------------

            * * * * * * *   D A T A   M E M O R Y   * * * * * * *
            REG     0000H     0008H     ABSOLUTE     "REG BANK 0"
            DATA    0008H     0012H     UNIT         ?DT?COCO
            IDATA   001AH     0001H     UNIT         ?STACK

            * * * * * * *   C O D E   M E M O R Y   * * * * * * *
            CODE    0000H     0003H     ABSOLUTE     
                    0003H     0008H                  *** GAP ***
            CODE    000BH     0003H     ABSOLUTE     
                    000EH     07F2H                  *** GAP ***
            CODE    0800H     008CH     UNIT         ?C_C51STARTUP
            CODE    088CH     006CH     UNIT         ?PR?MAIN?COCO
            CODE    08F8H     004CH     UNIT         ?PR?TIMER0_ISR?COCO
            CODE    0944H     0041H     UNIT         ?PR?EASY_BUTTON?COCO
            CODE    0985H     003DH     UNIT         ?PR?_DISPLAY?COCO
            CODE    09C2H     0022H     UNIT         ?PR?_DELAY?COCO
            CODE    09E4H     001CH     UNIT         ?C_INITSEG
            CODE    0A00H     0013H     UNIT         ?PR?INT_TIMER0?COCO



OVERLAY MAP OF MODULE:   .\Objects\answering device (?C_STARTUP)


SEGMENT
  +--> CALLED SEGMENT
---------------------
?C_C51STARTUP
  +--> ?PR?MAIN?COCO
  +--> ?C_INITSEG

?PR?MAIN?COCO
  +--> ?PR?INT_TIMER0?COCO
  +--> ?PR?EASY_BUTTON?COCO
  +--> ?PR?_DISPLAY?COCO



BL51 BANKED LINKER/LOCATER V6.22.4.0                                                  04/09/2025  13:19:41  PAGE 2


SYMBOL TABLE OF MODULE:  .\Objects\answering device (?C_STARTUP)

  VALUE           TYPE          NAME
  ----------------------------------

  -------         MODULE        ?C_STARTUP
  C:0800H         SEGMENT       ?C_C51STARTUP
  I:001AH         SEGMENT       ?STACK
  C:0000H         PUBLIC        ?C_STARTUP
  D:00E0H         SYMBOL        ACC
  D:00F0H         SYMBOL        B
  D:0083H         SYMBOL        DPH
  D:0082H         SYMBOL        DPL
  N:0000H         SYMBOL        IBPSTACK
  N:0100H         SYMBOL        IBPSTACKTOP
  N:0080H         SYMBOL        IDATALEN
  C:0803H         SYMBOL        IDATALOOP
  N:0000H         SYMBOL        PBPSTACK
  N:0100H         SYMBOL        PBPSTACKTOP
  N:0000H         SYMBOL        PDATALEN
  N:0000H         SYMBOL        PDATASTART
  N:0000H         SYMBOL        PPAGE
  N:0000H         SYMBOL        PPAGEENABLE
  D:00A0H         SYMBOL        PPAGE_SFR
  D:0081H         SYMBOL        SP
  C:0800H         SYMBOL        STARTUP1
  N:0000H         SYMBOL        XBPSTACK
  N:0000H         SYMBOL        XBPSTACKTOP
  N:0000H         SYMBOL        XDATALEN
  N:0000H         SYMBOL        XDATASTART
  C:0000H         LINE#         126
  C:0800H         LINE#         133
  C:0802H         LINE#         134
  C:0803H         LINE#         135
  C:0804H         LINE#         136
  C:0806H         LINE#         185
  C:0809H         LINE#         196
  -------         ENDMOD        ?C_STARTUP

  -------         MODULE        COCO
  C:0000H         SYMBOL        _ICE_DUMMY_
  D:0080H         PUBLIC        P0
  D:0090H         PUBLIC        P1
  C:0A00H         PUBLIC        int_timer0
  D:00A0H         PUBLIC        P2
  D:00B0H         PUBLIC        P3
  C:08F8H         PUBLIC        Timer0_ISR
  B:00A0H.4       PUBLIC        BB
  D:0008H         PUBLIC        gogogo
  B:00A8H.7       PUBLIC        EA
  D:00A8H         PUBLIC        IE
  C:09C2H         PUBLIC        _delay
  D:000AH         PUBLIC        time_counter
  D:00B8H         PUBLIC        IP
  C:088CH         PUBLIC        main
  D:0098H         PUBLIC        SCON
  B:00A0H.0       PUBLIC        select1
BL51 BANKED LINKER/LOCATER V6.22.4.0                                                  04/09/2025  13:19:41  PAGE 3


  C:0944H         PUBLIC        easy_button
  D:0089H         PUBLIC        TMOD
  D:0088H         PUBLIC        TCON
  B:00A0H.1       PUBLIC        select2
  B:00A0H.2       PUBLIC        select3
  B:00A0H.7       PUBLIC        ctrl
  B:00A0H.3       PUBLIC        select4
  B:00A8H.1       PUBLIC        ET0
  D:008CH         PUBLIC        TH0
  D:008AH         PUBLIC        TL0
  B:0088H.4       PUBLIC        TR0
  D:000CH         PUBLIC        BBS
  D:000EH         PUBLIC        P3is
  D:00C8H         PUBLIC        T2CON
  D:000FH         PUBLIC        disp_now
  D:0010H         PUBLIC        num_seg
  C:0985H         PUBLIC        _display
  D:00D0H         PUBLIC        PSW
  -------         PROC          MAIN
  C:088CH         LINE#         29
  C:088CH         LINE#         30
  C:088CH         LINE#         31
  C:088FH         LINE#         32
  C:0891H         LINE#         33
  C:0891H         LINE#         34
  C:0891H         LINE#         35
  C:0894H         LINE#         36
  C:0894H         LINE#         37
  C:089AH         LINE#         38
  C:089AH         LINE#         39
  C:089AH         LINE#         40
  C:08A4H         LINE#         41
  C:08A4H         LINE#         42
  C:08A7H         LINE#         43
  C:08AAH         LINE#         44
  C:08B3H         LINE#         45
  C:08B9H         LINE#         46
  C:08BFH         LINE#         47
  C:08C1H         LINE#         48
  C:08C7H         LINE#         49
  C:08C7H         LINE#         51
  C:08DDH         LINE#         52
  C:08DDH         LINE#         53
  C:08EBH         LINE#         54
  C:08EDH         LINE#         56
  C:08EDH         LINE#         57
  C:08F3H         LINE#         58
  C:08F6H         LINE#         59
  -------         ENDPROC       MAIN
  -------         PROC          _DELAY
  D:0006H         SYMBOL        ms
  -------         DO            
  D:0004H         SYMBOL        i
  D:0002H         SYMBOL        j
  -------         ENDDO         
  C:09C2H         LINE#         72
  C:09C2H         LINE#         73
BL51 BANKED LINKER/LOCATER V6.22.4.0                                                  04/09/2025  13:19:41  PAGE 4


  C:09C2H         LINE#         75
  C:09C6H         LINE#         76
  C:09C6H         LINE#         77
  C:09D3H         LINE#         78
  C:09D3H         LINE#         79
  C:09DAH         LINE#         80
  C:09E3H         LINE#         81
  -------         ENDPROC       _DELAY
  -------         PROC          _DISPLAY
  D:0007H         SYMBOL        dispN
  D:0004H         SYMBOL        S
  C:0985H         LINE#         84
  C:0985H         LINE#         85
  C:0985H         LINE#         86
  C:0997H         LINE#         87
  C:0997H         LINE#         88
  C:0997H         LINE#         89
  C:0999H         LINE#         90
  C:099BH         LINE#         91
  C:099BH         LINE#         92
  C:099BH         LINE#         93
  C:099BH         LINE#         94
  C:099BH         LINE#         95
  C:099BH         LINE#         96
  C:099BH         LINE#         97
  C:099BH         LINE#         98
  C:099DH         LINE#         99
  C:099DH         LINE#         100
  C:099FH         LINE#         101
  C:09A1H         LINE#         102
  C:09A3H         LINE#         103
  C:09A3H         LINE#         104
  C:09A3H         LINE#         105
  C:09A3H         LINE#         106
  C:09A3H         LINE#         107
  C:09A3H         LINE#         108
  C:09A3H         LINE#         109
  C:09A5H         LINE#         110
  C:09A5H         LINE#         111
  C:09A7H         LINE#         112
  C:09A9H         LINE#         113
  C:09ABH         LINE#         114
  C:09ADH         LINE#         115
  C:09ADH         LINE#         116
  C:09ADH         LINE#         117
  C:09ADH         LINE#         118
  C:09ADH         LINE#         119
  C:09ADH         LINE#         120
  C:09AFH         LINE#         121
  C:09AFH         LINE#         122
  C:09B1H         LINE#         123
  C:09B3H         LINE#         124
  C:09B5H         LINE#         125
  C:09B7H         LINE#         126
  C:09B9H         LINE#         127
  C:09BBH         LINE#         128
  C:09BDH         LINE#         129
BL51 BANKED LINKER/LOCATER V6.22.4.0                                                  04/09/2025  13:19:41  PAGE 5


  C:09BFH         LINE#         130
  C:09C1H         LINE#         131
  C:09C1H         LINE#         132
  C:09C1H         LINE#         133
  C:09C1H         LINE#         134
  -------         ENDPROC       _DISPLAY
  -------         PROC          EASY_BUTTON
  C:0944H         LINE#         137
  C:0944H         LINE#         138
  C:0944H         LINE#         139
  C:0965H         LINE#         140
  C:0965H         LINE#         141
  C:0965H         LINE#         142
  C:0968H         LINE#         143
  C:0969H         LINE#         144
  C:0969H         LINE#         145
  C:096CH         LINE#         146
  C:096DH         LINE#         147
  C:096DH         LINE#         148
  C:0970H         LINE#         149
  C:0971H         LINE#         150
  C:0971H         LINE#         151
  C:0974H         LINE#         152
  C:0975H         LINE#         153
  C:0975H         LINE#         154
  C:0978H         LINE#         155
  C:0979H         LINE#         156
  C:0979H         LINE#         157
  C:097CH         LINE#         158
  C:097DH         LINE#         159
  C:097DH         LINE#         160
  C:0980H         LINE#         161
  C:0981H         LINE#         162
  C:0981H         LINE#         163
  C:0984H         LINE#         164
  C:0984H         LINE#         165
  C:0984H         LINE#         166
  -------         ENDPROC       EASY_BUTTON
  -------         PROC          INT_TIMER0
  C:0A00H         LINE#         170
  C:0A00H         LINE#         171
  C:0A00H         LINE#         172
  C:0A03H         LINE#         173
  C:0A06H         LINE#         174
  C:0A09H         LINE#         175
  C:0A0CH         LINE#         176
  C:0A0EH         LINE#         177
  C:0A10H         LINE#         178
  C:0A12H         LINE#         179
  -------         ENDPROC       INT_TIMER0
  -------         PROC          TIMER0_ISR
  C:08F8H         LINE#         181
  C:08FCH         LINE#         183
  C:0904H         LINE#         185
  C:090DH         LINE#         186
  C:090DH         LINE#         187
  C:0913H         LINE#         188
BL51 BANKED LINKER/LOCATER V6.22.4.0                                                  04/09/2025  13:19:41  PAGE 6


  C:091EH         LINE#         189
  C:091EH         LINE#         190
  C:0920H         LINE#         191
  C:0928H         LINE#         192
  C:092AH         LINE#         194
  C:092AH         LINE#         195
  C:092CH         LINE#         196
  C:092CH         LINE#         198
  C:0937H         LINE#         199
  C:0937H         LINE#         200
  C:093FH         LINE#         201
  C:093FH         LINE#         202
  C:093FH         LINE#         203
  -------         ENDPROC       TIMER0_ISR
  -------         ENDMOD        COCO

*** WARNING L16: UNCALLED SEGMENT, IGNORED FOR OVERLAY PROCESS
    SEGMENT: ?PR?_DELAY?COCO

******************************************************************************
* RESTRICTED VERSION WITH 0800H BYTE CODE SIZE LIMIT; USED: 0198H BYTE (19%) *
******************************************************************************

Program Size: data=27.0 xdata=0 code=537
LINK/LOCATE RUN COMPLETE.  1 WARNING(S),  0 ERROR(S)
