C51 COMPILER V9.60.7.0   COCO                                                              04/09/2025 00:03:28 PAGE 1   


C51 COMPILER V9.60.7.0, COMPILATION OF MODULE COCO
OBJECT MODULE PLACED IN .\Objects\coco.obj
COMPILER INVOKED BY: D:\My_App\Keil C51\C51\BIN\C51.EXE coco.c OPTIMIZE(8,SPEED) BROWSE DEBUG OBJECTEXTEND PRINT(.\Listi
                    -ngs\coco.lst) TABS(2) OBJECT(.\Objects\coco.obj)

line level    source

   1          #include <reg52.h>
   2          
   3          #define uchar unsigned char
   4          
   5          sbit BB = P2^4;   //蜂鸣器
   6          sbit LED = P2^5;  
   7          sbit ctrl = P2^6; //主持人总控键
   8          /* sfr button = P3;   选手抢答键
   9             sfr display = P0;  八段数码管 */
  10          sbit select1 = P2^0;  //数码管选段1,用于显示选中的选手编号
  11          sbit select2 = P2^1;  //数码管选段2,
  12          sbit select3 = P2^2;  //数码管选段3,
  13          sbit select4 = P2^3;  //数码管选段4,
  14          
  15          
  16          
  17          void main()
  18          {
  19   1        while(1)
  20   1        {
  21   2          while(ctrl)
  22   2        
  23   2        
  24   2        }
*** ERROR C141 IN LINE 24 OF coco.c: syntax error near '}', expected '__asm'
  25   1        
  26   1        
  27   1      }

C51 COMPILATION COMPLETE.  0 WARNING(S),  1 ERROR(S)
