BL51 BANKED LINKER/LOCATER V6.22.4.0                                                    05/16/2025  23:42:05  PAGE 1


BL51 BANKED LINKER/LOCATER V6.22.4.0, INVOKED BY:
D:\MY_APP\KEIL C51\C51\BIN\BL51.EXE .\Objects\STARTUP.obj, .\Objects\coco.obj TO .\Objects\answering device PRINT (.\Lis
>> tings\answering device.m51) RAMSIZE (256)


MEMORY MODEL: SMALL


INPUT MODULES INCLUDED:
  .\Objects\STARTUP.obj (?C_STARTUP)
  .\Objects\coco.obj (COCO)
  D:\MY_APP\KEIL C51\C51\LIB\C51S.LIB (?C_INIT)


LINK MAP OF MODULE:  .\Objects\answering device (?C_STARTUP)


            TYPE    BASE      LENGTH    RELOCATION   SEGMENT NAME
            -----------------------------------------------------

            * * * * * * *   D A T A   M E M O R Y   * * * * * * *
            REG     0000H     0008H     ABSOLUTE     "REG BANK 0"
            DATA    0008H     0017H     UNIT         ?DT?COCO
            IDATA   001FH     0001H     UNIT         ?STACK

            * * * * * * *   C O D E   M E M O R Y   * * * * * * *
            CODE    0000H     0003H     ABSOLUTE     
                    0003H     0008H                  *** GAP ***
            CODE    000BH     0003H     ABSOLUTE     
                    000EH     07F2H                  *** GAP ***
            CODE    0800H     008CH     UNIT         ?C_C51STARTUP
            CODE    088CH     0066H     UNIT         ?PR?MAIN?COCO
            CODE    08F2H     0051H     UNIT         ?PR?TIMER0_ISR?COCO
            CODE    0943H     004EH     UNIT         ?PR?_DISPLAY?COCO
            CODE    0991H     0041H     UNIT         ?PR?EASY_BUTTON?COCO
            CODE    09D2H     003CH     UNIT         ?PR?DAOJISHI?COCO
            CODE    0A0EH     002BH     UNIT         ?PR?_DELAY?COCO
            CODE    0A39H     0025H     UNIT         ?C_INITSEG
            CODE    0A5EH     0013H     UNIT         ?PR?INT_TIMER0?COCO



OVERLAY MAP OF MODULE:   .\Objects\answering device (?C_STARTUP)


SEGMENT
  +--> CALLED SEGMENT
---------------------
?C_C51STARTUP
  +--> ?PR?MAIN?COCO
  +--> ?C_INITSEG

?PR?MAIN?COCO
  +--> ?PR?INT_TIMER0?COCO
  +--> ?PR?DAOJISHI?COCO
  +--> ?PR?EASY_BUTTON?COCO
  +--> ?PR?_DISPLAY?COCO

BL51 BANKED LINKER/LOCATER V6.22.4.0                                                  05/16/2025  23:42:05  PAGE 2


?PR?DAOJISHI?COCO
  +--> ?PR?_DISPLAY?COCO

?PR?_DISPLAY?COCO
  +--> ?PR?_DELAY?COCO



SYMBOL TABLE OF MODULE:  .\Objects\answering device (?C_STARTUP)

  VALUE           TYPE          NAME
  ----------------------------------

  -------         MODULE        ?C_STARTUP
  C:0800H         SEGMENT       ?C_C51STARTUP
  I:001FH         SEGMENT       ?STACK
  C:0000H         PUBLIC        ?C_STARTUP
  D:00E0H         SYMBOL        ACC
  D:00F0H         SYMBOL        B
  D:0083H         SYMBOL        DPH
  D:0082H         SYMBOL        DPL
  N:0000H         SYMBOL        IBPSTACK
  N:0100H         SYMBOL        IBPSTACKTOP
  N:0080H         SYMBOL        IDATALEN
  C:0803H         SYMBOL        IDATALOOP
  N:0000H         SYMBOL        PBPSTACK
  N:0100H         SYMBOL        PBPSTACKTOP
  N:0000H         SYMBOL        PDATALEN
  N:0000H         SYMBOL        PDATASTART
  N:0000H         SYMBOL        PPAGE
  N:0000H         SYMBOL        PPAGEENABLE
  D:00A0H         SYMBOL        PPAGE_SFR
  D:0081H         SYMBOL        SP
  C:0800H         SYMBOL        STARTUP1
  N:0000H         SYMBOL        XBPSTACK
  N:0000H         SYMBOL        XBPSTACKTOP
  N:0000H         SYMBOL        XDATALEN
  N:0000H         SYMBOL        XDATASTART
  C:0000H         LINE#         126
  C:0800H         LINE#         133
  C:0802H         LINE#         134
  C:0803H         LINE#         135
  C:0804H         LINE#         136
  C:0806H         LINE#         185
  C:0809H         LINE#         196
  -------         ENDMOD        ?C_STARTUP

  -------         MODULE        COCO
  C:0000H         SYMBOL        _ICE_DUMMY_
  D:0080H         PUBLIC        P0
  D:0090H         PUBLIC        P1
  C:0A5EH         PUBLIC        int_timer0
  D:00A0H         PUBLIC        P2
  D:00B0H         PUBLIC        P3
  C:08F2H         PUBLIC        Timer0_ISR
  B:00A0H.4       PUBLIC        BB
  D:0008H         PUBLIC        gogogo
BL51 BANKED LINKER/LOCATER V6.22.4.0                                                  05/16/2025  23:42:05  PAGE 3


  B:00A8H.7       PUBLIC        EA
  D:00A8H         PUBLIC        IE
  C:0A0EH         PUBLIC        _delay
  D:000AH         PUBLIC        anxiazanting
  D:000BH         PUBLIC        time_counter
  B:00A0H.6       PUBLIC        P2_6
  D:00B8H         PUBLIC        IP
  C:088CH         PUBLIC        main
  D:0098H         PUBLIC        SCON
  B:00A0H.0       PUBLIC        select1
  C:0991H         PUBLIC        easy_button
  D:0089H         PUBLIC        TMOD
  D:0088H         PUBLIC        TCON
  B:00A0H.1       PUBLIC        select2
  B:00A0H.2       PUBLIC        select3
  B:00A0H.7       PUBLIC        ctrl
  B:00A0H.3       PUBLIC        select4
  B:00A8H.1       PUBLIC        ET0
  D:008CH         PUBLIC        TH0
  C:09D2H         PUBLIC        daojishi
  D:008AH         PUBLIC        TL0
  B:0088H.4       PUBLIC        TR0
  D:000DH         PUBLIC        BBS
  D:000FH         PUBLIC        P3is
  D:00C8H         PUBLIC        T2CON
  D:0010H         PUBLIC        disp_now
  D:0011H         PUBLIC        num_seg
  D:001DH         PUBLIC        outwhile
  C:0949H         PUBLIC        _display
  D:00D0H         PUBLIC        PSW
  -------         PROC          MAIN
  C:088CH         LINE#         35
  C:088CH         LINE#         36
  C:088CH         LINE#         37
  C:088FH         LINE#         38
  C:0891H         LINE#         39
  C:0891H         LINE#         40
  C:0891H         LINE#         41
  C:0894H         LINE#         42
  C:0894H         LINE#         43
  C:0897H         LINE#         44
  C:089DH         LINE#         45
  C:089FH         LINE#         46
  C:08A5H         LINE#         47
  C:08A5H         LINE#         48
  C:08A5H         LINE#         49
  C:08A8H         LINE#         50
  C:08B0H         LINE#         51
  C:08B0H         LINE#         52
  C:08B4H         LINE#         53
  C:08B6H         LINE#         54
  C:08B8H         LINE#         55
  C:08B8H         LINE#         57
  C:08C2H         LINE#         58
  C:08C2H         LINE#         59
  C:08C5H         LINE#         60
  C:08C8H         LINE#         61
BL51 BANKED LINKER/LOCATER V6.22.4.0                                                  05/16/2025  23:42:05  PAGE 4


  C:08CBH         LINE#         62
  C:08CEH         LINE#         63
  C:08D4H         LINE#         64
  C:08D6H         LINE#         65
  C:08D6H         LINE#         66
  C:08D9H         LINE#         67
  C:08D9H         LINE#         68
  C:08DCH         LINE#         69
  C:08E2H         LINE#         70
  C:08E4H         LINE#         71
  C:08E7H         LINE#         72
  C:08EDH         LINE#         73
  C:08F0H         LINE#         75
  C:08F0H         LINE#         76
  -------         ENDPROC       MAIN
  -------         PROC          DAOJISHI
  C:09D2H         LINE#         84
  C:09D2H         LINE#         85
  C:09D2H         LINE#         86
  C:09D5H         LINE#         88
  C:09EBH         LINE#         89
  C:09EBH         LINE#         90
  C:09F9H         LINE#         91
  C:09F9H         LINE#         93
  C:09F9H         LINE#         94
  C:09FCH         LINE#         95
  C:0A02H         LINE#         96
  C:0A04H         LINE#         97
  C:0A07H         LINE#         98
  C:0A0DH         LINE#         99
  C:0A0DH         LINE#         102
  -------         ENDPROC       DAOJISHI
  -------         PROC          TIMER0_ISR
  C:08F2H         LINE#         106
  C:08F6H         LINE#         108
  C:08FEH         LINE#         110
  C:0907H         LINE#         111
  C:0907H         LINE#         112
  C:090DH         LINE#         113
  C:0918H         LINE#         114
  C:0918H         LINE#         115
  C:091AH         LINE#         116
  C:0922H         LINE#         117
  C:0924H         LINE#         119
  C:0924H         LINE#         120
  C:0926H         LINE#         121
  C:0926H         LINE#         123
  C:0936H         LINE#         124
  C:0936H         LINE#         125
  C:093EH         LINE#         126
  C:093EH         LINE#         127
  C:093EH         LINE#         128
  -------         ENDPROC       TIMER0_ISR
  -------         PROC          _DELAY
  D:0006H         SYMBOL        ms
  -------         DO            
  D:0004H         SYMBOL        i
BL51 BANKED LINKER/LOCATER V6.22.4.0                                                  05/16/2025  23:42:05  PAGE 5


  D:0002H         SYMBOL        j
  -------         ENDDO         
  C:0A0EH         LINE#         132
  C:0A0EH         LINE#         133
  C:0A0EH         LINE#         135
  C:0A17H         LINE#         136
  C:0A1BH         LINE#         137
  C:0A38H         LINE#         138
  -------         ENDPROC       _DELAY
  -------         PROC          L?0055
  -------         ENDPROC       L?0055
  -------         PROC          _DISPLAY
  D:0007H         SYMBOL        dispN
  D:0004H         SYMBOL        S
  C:0949H         LINE#         141
  C:0949H         LINE#         142
  C:0949H         LINE#         143
  C:095BH         LINE#         144
  C:095BH         LINE#         145
  C:095BH         LINE#         146
  C:095DH         LINE#         147
  C:095FH         LINE#         148
  C:0961H         LINE#         149
  C:0963H         LINE#         150
  C:0963H         LINE#         151
  C:0965H         LINE#         152
  C:0967H         LINE#         153
  C:0969H         LINE#         154
  C:096BH         LINE#         155
  C:096DH         LINE#         156
  C:096DH         LINE#         157
  C:096FH         LINE#         158
  C:0971H         LINE#         159
  C:0973H         LINE#         160
  C:0975H         LINE#         161
  C:0977H         LINE#         162
  C:0977H         LINE#         163
  C:0979H         LINE#         164
  C:097BH         LINE#         165
  C:097DH         LINE#         166
  C:097FH         LINE#         167
  C:097FH         LINE#         168
  C:097FH         LINE#         169
  C:0981H         LINE#         171
  C:0988H         LINE#         173
  C:098AH         LINE#         174
  C:098CH         LINE#         175
  C:098EH         LINE#         176
  C:0990H         LINE#         177
  -------         ENDPROC       _DISPLAY
  -------         PROC          EASY_BUTTON
  C:0991H         LINE#         180
  C:0991H         LINE#         181
  C:0991H         LINE#         182
  C:09B2H         LINE#         183
  C:09B2H         LINE#         184
  C:09B2H         LINE#         185
BL51 BANKED LINKER/LOCATER V6.22.4.0                                                  05/16/2025  23:42:05  PAGE 6


  C:09B5H         LINE#         186
  C:09B6H         LINE#         187
  C:09B6H         LINE#         188
  C:09B9H         LINE#         189
  C:09BAH         LINE#         190
  C:09BAH         LINE#         191
  C:09BDH         LINE#         192
  C:09BEH         LINE#         193
  C:09BEH         LINE#         194
  C:09C1H         LINE#         195
  C:09C2H         LINE#         196
  C:09C2H         LINE#         197
  C:09C5H         LINE#         198
  C:09C6H         LINE#         199
  C:09C6H         LINE#         200
  C:09C9H         LINE#         201
  C:09CAH         LINE#         202
  C:09CAH         LINE#         203
  C:09CDH         LINE#         204
  C:09CEH         LINE#         205
  C:09CEH         LINE#         206
  C:09D1H         LINE#         207
  C:09D1H         LINE#         208
  C:09D1H         LINE#         209
  -------         ENDPROC       EASY_BUTTON
  -------         PROC          INT_TIMER0
  C:0A5EH         LINE#         213
  C:0A5EH         LINE#         214
  C:0A5EH         LINE#         215
  C:0A61H         LINE#         216
  C:0A64H         LINE#         217
  C:0A67H         LINE#         218
  C:0A6AH         LINE#         219
  C:0A6CH         LINE#         220
  C:0A6EH         LINE#         221
  C:0A70H         LINE#         222
  -------         ENDPROC       INT_TIMER0
  -------         ENDMOD        COCO

******************************************************************************
* RESTRICTED VERSION WITH 0800H BYTE CODE SIZE LIMIT; USED: 01F6H BYTE (24%) *
******************************************************************************

Program Size: data=32.0 xdata=0 code=631
LINK/LOCATE RUN COMPLETE.  0 WARNING(S),  0 ERROR(S)
