C51 COMPILER V9.60.7.0   CTRL_TIME                                                         04/18/2025 20:36:26 PAGE 1   


C51 COMPILER V9.60.7.0, COMPILATION OF MODULE CTRL_TIME
OBJECT MODULE PLACED IN .\Objects\ctrl_time.obj
COMPILER INVOKED BY: D:\Keil_v5\C51\BIN\C51.EXE ctrl_time.c OPTIMIZE(8,SPEED) BROWSE DEBUG OBJECTEXTEND PRINT(.\Listings
                    -\ctrl_time.lst) TABS(2) OBJECT(.\Objects\ctrl_time.obj)

line level    source

   1          //timer disp
   2          #include "clock.h"
   3          
   4          
   5          bit time_update_flag = 0; //时间更新标志，每分钟变为1之后分钟更新，然后变回0
   6          
   7          uint time_counter = 0;   //定时器的计数器，每记20次表示过了1秒（50ms*20 = 1s）
   8          
   9          uchar str_num[16];     // 第二行的所有的时间显示   18：24：18   总共需要8位  "Time is 18:24:18"
  10          
  11          
  12          
  13          void int_timer0()   // 初始化定时器0为模式2（自动重载）
  14          {
  15   1          TMOD &= 0XF0;   // 清零定时器0的模式位（保留定时器1的配置）
  16   1          TMOD |= 0X02;   // 设置定时器0为模式2（8位自动重载）
  17   1          TH0 = 0xA4;     // 自动重载值（100μs定时初值，11.0592MHz）
  18   1          TL0 = 0xA4;     // 首次启动时的初值（必须与TH0相同）
  19   1          ET0 = 1;        // 允许定时器0中断
  20   1          TR0 = 1;        // 启动定时器0
  21   1          EA = 1;         // 开启全局中断
  22   1      }
  23          
  24          void Timer0_ISR() interrupt 1   // 定时器0的中断 ,模式2无需手动重载TH0/TL0
  25          {
  26   1          time_counter++;             // 累计中断次数
  27   1          
  28   1          if(time_counter >= 10000)      // 10000次×100μs=1000ms
  29   1          {
  30   2            time_counter = 0;
  31   2            if(update_second())
  32   2            {
  33   3              time_update_flag = 1;  // 仅在每一分钟时设置标志位,防止直接加载update_time()导致计时延时不准确
  34   3          
  35   3            }
  36   2          }
  37   1      }
  38          
  39          uint update_second()  // 更新秒，返回一个进位标志，感觉虽然str_num是uchar类型的，但是加一确实可以让他加一[
             -doge]
  40          {
  41   1        if(str_num[15] < '9')  // 57 = '9'
  42   1        {
  43   2          str_num[15]++;
  44   2        }
  45   1        else   //秒的个位的进位
  46   1        {
  47   2          str_num[15] = '0';   // 48 = '0'
  48   2          
  49   2          if(str_num[14] < '5')  // 53 = '5'   
  50   2          {
  51   3            str_num[14]++;
  52   3          }
  53   2          else    //秒的十位的进位
C51 COMPILER V9.60.7.0   CTRL_TIME                                                         04/18/2025 20:36:26 PAGE 2   

  54   2          {
  55   3            str_num[14] = '0';
  56   3            return 1;  // 秒记到59就变零进一
  57   3          }
  58   2        }
  59   1        return 0;   
  60   1      }
  61          
  62          uint update_minute()  // 更新分钟
  63          {
  64   1        if(str_num[12] < '9')  // 57 = '9'
  65   1        {
  66   2          str_num[12]++;
  67   2        }
  68   1        else   //分钟的个位的进位
  69   1        {
  70   2          str_num[12] = '0';   // 48 = '0'
  71   2          
  72   2          if(str_num[11] < '5')  // 53 = '5'   
  73   2          {
  74   3            str_num[11]++;
  75   3          }
  76   2          else    //分钟的十位的进位
  77   2          {
  78   3            str_num[11] = '0';
  79   3            return 1;  // 分钟记到59就变零进一
  80   3          }
  81   2        }
  82   1        return 0;   
  83   1      }
  84          
  85          
  86          void update_hour()  // 更新小时，每次调用都会加一或置零，所以最后23时必须置到00
  87          {
  88   1        if(str_num[9] < '9' && str_num[8] < '2')  // 00~08  10~18 时个位加一
  89   1        {
  90   2          str_num[9]++;
  91   2        }
  92   1        else if(str_num[9] == '9' && str_num[8] < '2')   //09 19 时个位变0，十位加一
  93   1        {
  94   2          str_num[9] = '0';   // 48 = '0'
  95   2          str_num[8]++;
  96   2        } 
  97   1        else if(str_num[9] < '3' && str_num[8] == '2')   // 20 21 22 时个位加一,最大为23
  98   1        {
  99   2          str_num[9]++;
 100   2        }
 101   1        else if(str_num[9] == '3' && str_num[8] == '2')  // 23在先前进位为00
 102   1        {
 103   2          str_num[9] = '0';
 104   2          str_num[8] = '0';
 105   2        }
 106   1      }
 107          
 108          
 109          void init_time()   // 初始化第二行的显示，让他显示我想要的
 110          {
 111   1        uint i;
 112   1        uchar inti[16] = {'T','i','m','e',' ','i','s',' ','0','0',':','0','0',':','0','0'};  // "Time is 00:00:00
             -"
 113   1        for (i = 0; i < 16; i++) {
 114   2              str_num[i] = inti[i];  
C51 COMPILER V9.60.7.0   CTRL_TIME                                                         04/18/2025 20:36:26 PAGE 3   

 115   2        }
 116   1      }
 117          
 118          
 119          void update_time()   //每次执行都会让秒加一，连带着分钟和小时变化
 120          {
 121   1        if(time_update_flag)
 122   1        {
 123   2          if(update_minute())
 124   2          {
 125   3            update_hour();
 126   3          }
 127   2          time_update_flag = 0;
 128   2          
 129   2          //每分钟检测一次闹钟
 130   2          if_alarming();
 131   2      
 132   2        }
 133   1      }
 134          


MODULE INFORMATION:   STATIC OVERLAYABLE
   CODE SIZE        =    313    ----
   CONSTANT SIZE    =     16    ----
   XDATA SIZE       =   ----    ----
   PDATA SIZE       =   ----    ----
   DATA SIZE        =     18      16
   IDATA SIZE       =   ----    ----
   BIT SIZE         =      1    ----
END OF MODULE INFORMATION.


C51 COMPILATION COMPLETE.  0 WARNING(S),  0 ERROR(S)
