C51 COMPILER V9.60.7.0   EX0_INIT                                                          04/18/2025 20:36:25 PAGE 1   


C51 COMPILER V9.60.7.0, COMPILATION OF MODULE EX0_INIT
OBJECT MODULE PLACED IN .\Objects\EX0_Init.obj
COMPILER INVOKED BY: D:\Keil_v5\C51\BIN\C51.EXE EX0_Init.c OPTIMIZE(8,SPEED) BROWSE DEBUG OBJECTEXTEND PRINT(.\Listings\
                    -EX0_Init.lst) TABS(2) OBJECT(.\Objects\EX0_Init.obj)

line level    source

   1          //外部中断0初始化
   2          /*
   3          #include <reg52.h>
   4          
   5          void EX0_Init()
   6          {
   7            EX0 = 1;    // 开启外部中断0
   8            IT0 = 0;    // 设置低电平触发（1=下降沿触发）
   9          }
  10          
  11          */


MODULE INFORMATION:   STATIC OVERLAYABLE
   CODE SIZE        =   ----    ----
   CONSTANT SIZE    =   ----    ----
   XDATA SIZE       =   ----    ----
   PDATA SIZE       =   ----    ----
   DATA SIZE        =   ----    ----
   IDATA SIZE       =   ----    ----
   BIT SIZE         =   ----    ----
END OF MODULE INFORMATION.


C51 COMPILATION COMPLETE.  0 WARNING(S),  0 ERROR(S)
