C51 COMPILER V9.60.7.0   SET_TIME                                                          04/18/2025 20:36:26 PAGE 1   


C51 COMPILER V9.60.7.0, COMPILATION OF MODULE SET_TIME
OBJECT MODULE PLACED IN .\Objects\set_time.obj
COMPILER INVOKED BY: D:\Keil_v5\C51\BIN\C51.EXE set_time.c OPTIMIZE(8,SPEED) BROWSE DEBUG OBJECTEXTEND PRINT(.\Listings\
                    -set_time.lst) TABS(2) OBJECT(.\Objects\set_time.obj)

line level    source

   1          //时间设置函数
   2          #include "clock.h"
   3          
   4          
   5          uint set_now = 1;  // 设置时间时确定现在正在设置哪一位
   6          
   7          uint if_twinkle = 5;//控制闪烁的频率
   8          
   9          void set_time()     //设置时间
  10          {
  11   1        
  12   1          LcdShowInit(str_num+8, 1, 8);  //从第八位往后刷新
  13   1          keypad_scan();  //死循环找数，只在设置里会死循环
  14   1          switch(set_now)
  15   1          {     
  16   2            case 1:
  17   2              if(num_now < 3)
  18   2              {
  19   3                str_num[8] = num_now + '0';
  20   3                LcdShowInit(str_num+8, 1, 8);  
  21   3                set_now++;
  22   3              }
  23   2              break;
  24   2              
  25   2            case 2: 
  26   2              if((num_now<10 && (str_num[8]-'0') < 2) || ( num_now<4 && (str_num[8]-'0')==2))
  27   2              {
  28   3                str_num[9] = num_now + '0';
  29   3                LcdShowInit(str_num+8, 1, 8);  
  30   3                set_now++;
  31   3              }
  32   2              break;
  33   2      
  34   2      
  35   2            case 3:   
  36   2              if(num_now < 6)
  37   2              {
  38   3                str_num[11] = num_now + '0';
  39   3                LcdShowInit(str_num+8, 1, 8);   
  40   3                set_now++;
  41   3              }
  42   2              break;
  43   2          
  44   2            case 4: 
  45   2              if(num_now < 10)            
  46   2              {
  47   3                str_num[12] = num_now + '0';
  48   3                LcdShowInit(str_num+8, 1, 8);  
  49   3                set_now = 1;
  50   3              }
  51   2              break;
  52   2          } 
  53   1      }
  54          
C51 COMPILER V9.60.7.0   SET_TIME                                                          04/18/2025 20:36:26 PAGE 2   

  55          
  56          
  57          void set_twinkle()
  58          {
  59   1        if(if_twinkle > 0 && if_twinkle <= 20)   //正常显示时间
  60   1        {
  61   2          LcdShowInit(str_num+8, 1, 8); 
  62   2          P3 = 0X0F;
  63   2        }
  64   1        else if(if_twinkle > 20)   //熄灭正在设置的位
  65   1        {
  66   2          
  67   2          switch(set_now)
  68   2          {     
  69   3            case 1:
  70   3              P3 = 0XF0;
  71   3              LCDwAOne(' ', 1, 8);
  72   3              break;
  73   3              
  74   3            case 2:
  75   3              P3 = 0XF0;
  76   3              LCDwAOne(' ', 1, 9);        
  77   3              break;
  78   3      
  79   3      
  80   3            case 3: 
  81   3              P3 = 0XF0;
  82   3              LCDwAOne(' ', 1, 11);       
  83   3              break;
  84   3          
  85   3            case 4: 
  86   3              P3 = 0XF0;
  87   3              LCDwAOne(' ', 1, 12);
  88   3              break;
  89   3          }
  90   2        }
  91   1        else if(if_twinkle == 0)
  92   1        {
  93   2          if_twinkle = 40;
  94   2        }
  95   1      
  96   1        
  97   1        if_twinkle--;  //每次执行这个函数时减一
  98   1      }
  99          
 100          
 101          
 102          


MODULE INFORMATION:   STATIC OVERLAYABLE
   CODE SIZE        =    342    ----
   CONSTANT SIZE    =   ----    ----
   XDATA SIZE       =   ----    ----
   PDATA SIZE       =   ----    ----
   DATA SIZE        =      4    ----
   IDATA SIZE       =   ----    ----
   BIT SIZE         =   ----    ----
END OF MODULE INFORMATION.


C51 COMPILATION COMPLETE.  0 WARNING(S),  0 ERROR(S)
